2025-10-23 22:00:11,615 | INFO  | Refreshing org.apache.activemq.xbean.XBeanBrokerFactory$1@5442a311: startup date [Thu Oct 23 22:00:11 UTC 2025]; root of context hierarchy | org.apache.activemq.xbean.XBeanBrokerFactory$1 | main
2025-10-23 22:00:15,178 | INFO  | PListStore:[/opt/activemq/data/localhost/tmp_storage] started | org.apache.activemq.store.kahadb.plist.PListStoreImpl | main
2025-10-23 22:00:15,248 | INFO  | Using Persistence Adapter: KahaDBPersistenceAdapter[/opt/activemq/data/kahadb] | org.apache.activemq.broker.BrokerService | main
2025-10-23 22:00:16,071 | INFO  | Apache ActiveMQ 5.8.0 (localhost, ID:e6874110aa8f-34409-1761256815763-0:1) is starting | org.apache.activemq.broker.BrokerService | main
2025-10-23 22:00:16,185 | INFO  | Listening for connections at: tcp://e6874110aa8f:61616?maximumConnections=1000&wireformat.maxFrameSize=104857600 | org.apache.activemq.transport.TransportServerThreadSupport | main
2025-10-23 22:00:16,189 | INFO  | Connector openwire Started | org.apache.activemq.broker.TransportConnector | main
2025-10-23 22:00:16,207 | INFO  | Listening for connections at: amqp://e6874110aa8f:5672?maximumConnections=1000&wireformat.maxFrameSize=104857600 | org.apache.activemq.transport.TransportServerThreadSupport | main
2025-10-23 22:00:16,212 | INFO  | Connector amqp Started | org.apache.activemq.broker.TransportConnector | main
2025-10-23 22:00:16,218 | INFO  | Apache ActiveMQ 5.8.0 (localhost, ID:e6874110aa8f-34409-1761256815763-0:1) started | org.apache.activemq.broker.BrokerService | main
2025-10-23 22:00:16,219 | INFO  | For help or more information please see: http://activemq.apache.org | org.apache.activemq.broker.BrokerService | main
2025-10-23 22:00:16,222 | WARN  | Store limit is 102400 mb, whilst the data directory: /opt/activemq/data/kahadb only has 63246 mb of usable space | org.apache.activemq.broker.BrokerService | main
2025-10-23 22:00:18,793 | INFO  | Web console type: embedded | org.apache.activemq.web.WebConsoleStarter | main
2025-10-23 22:00:20,486 | INFO  | ActiveMQ WebConsole initialized. | org.apache.activemq.web.WebConsoleStarter | main
2025-10-23 22:00:21,262 | INFO  | Initializing Spring FrameworkServlet 'dispatcher' | /admin | main
2025-10-23 22:00:24,139 | INFO  | jolokia-agent: No access restrictor found at classpath:/jolokia-access.xml, access to all MBeans is allowed | /api | main
2025-10-23 22:04:02,201 | INFO  | Refreshing org.apache.activemq.xbean.XBeanBrokerFactory$1@5442a311: startup date [Thu Oct 23 22:04:02 UTC 2025]; root of context hierarchy | org.apache.activemq.xbean.XBeanBrokerFactory$1 | main
2025-10-23 22:04:03,056 | ERROR | Failed to load: class path resource [activemq.xml], reason: Line 60 in XML document from class path resource [activemq.xml] is invalid; nested exception is org.xml.sax.SAXParseException; lineNumber: 60; columnNumber: 104; cvc-complex-type.3.2.2: Attribute 'queue' is not allowed to appear in element 'sharedDeadLetterStrategy'. | org.apache.activemq.xbean.XBeanBrokerFactory | main
org.springframework.beans.factory.xml.XmlBeanDefinitionStoreException: Line 60 in XML document from class path resource [activemq.xml] is invalid; nested exception is org.xml.sax.SAXParseException; lineNumber: 60; columnNumber: 104; cvc-complex-type.3.2.2: Attribute 'queue' is not allowed to appear in element 'sharedDeadLetterStrategy'.
	at org.springframework.beans.factory.xml.XmlBeanDefinitionReader.doLoadBeanDefinitions(XmlBeanDefinitionReader.java:396)
	at org.springframework.beans.factory.xml.XmlBeanDefinitionReader.loadBeanDefinitions(XmlBeanDefinitionReader.java:334)
	at org.springframework.beans.factory.xml.XmlBeanDefinitionReader.loadBeanDefinitions(XmlBeanDefinitionReader.java:302)
	at org.apache.xbean.spring.context.ResourceXmlApplicationContext.loadBeanDefinitions(ResourceXmlApplicationContext.java:111)
	at org.apache.xbean.spring.context.ResourceXmlApplicationContext.loadBeanDefinitions(ResourceXmlApplicationContext.java:104)
	at org.springframework.context.support.AbstractRefreshableApplicationContext.refreshBeanFactory(AbstractRefreshableApplicationContext.java:131)
	at org.springframework.context.support.AbstractApplicationContext.obtainFreshBeanFactory(AbstractApplicationContext.java:530)
	at org.springframework.context.support.AbstractApplicationContext.refresh(AbstractApplicationContext.java:444)
	at org.apache.xbean.spring.context.ResourceXmlApplicationContext.<init>(ResourceXmlApplicationContext.java:64)
	at org.apache.xbean.spring.context.ResourceXmlApplicationContext.<init>(ResourceXmlApplicationContext.java:52)
	at org.apache.activemq.xbean.XBeanBrokerFactory$1.<init>(XBeanBrokerFactory.java:101)
	at org.apache.activemq.xbean.XBeanBrokerFactory.createApplicationContext(XBeanBrokerFactory.java:101)
	at org.apache.activemq.xbean.XBeanBrokerFactory.createBroker(XBeanBrokerFactory.java:65)
	at org.apache.activemq.broker.BrokerFactory.createBroker(BrokerFactory.java:71)
	at org.apache.activemq.broker.BrokerFactory.createBroker(BrokerFactory.java:54)
	at org.apache.activemq.console.command.StartCommand.startBroker(StartCommand.java:125)
	at org.apache.activemq.console.command.StartCommand.runTask(StartCommand.java:84)
	at org.apache.activemq.console.command.AbstractCommand.execute(AbstractCommand.java:57)
	at org.apache.activemq.console.command.ShellCommand.runTask(ShellCommand.java:150)
	at org.apache.activemq.console.command.AbstractCommand.execute(AbstractCommand.java:57)
	at org.apache.activemq.console.command.ShellCommand.main(ShellCommand.java:104)
	at sun.reflect.NativeMethodAccessorImpl.invoke0(Native Method)
	at sun.reflect.NativeMethodAccessorImpl.invoke(NativeMethodAccessorImpl.java:62)
	at sun.reflect.DelegatingMethodAccessorImpl.invoke(DelegatingMethodAccessorImpl.java:43)
	at java.lang.reflect.Method.invoke(Method.java:498)
	at org.apache.activemq.console.Main.runTaskClass(Main.java:262)
	at org.apache.activemq.console.Main.main(Main.java:115)
Caused by: org.xml.sax.SAXParseException; lineNumber: 60; columnNumber: 104; cvc-complex-type.3.2.2: Attribute 'queue' is not allowed to appear in element 'sharedDeadLetterStrategy'.
	at com.sun.org.apache.xerces.internal.util.ErrorHandlerWrapper.createSAXParseException(ErrorHandlerWrapper.java:204)
	at com.sun.org.apache.xerces.internal.util.ErrorHandlerWrapper.error(ErrorHandlerWrapper.java:135)
	at com.sun.org.apache.xerces.internal.impl.XMLErrorReporter.reportError(XMLErrorReporter.java:395)
	at com.sun.org.apache.xerces.internal.impl.XMLErrorReporter.reportError(XMLErrorReporter.java:326)
	at com.sun.org.apache.xerces.internal.impl.XMLErrorReporter.reportError(XMLErrorReporter.java:283)
	at com.sun.org.apache.xerces.internal.impl.xs.XMLSchemaValidator$XSIErrorReporter.reportError(XMLSchemaValidator.java:453)
	at com.sun.org.apache.xerces.internal.impl.xs.XMLSchemaValidator.reportSchemaError(XMLSchemaValidator.java:3231)
	at com.sun.org.apache.xerces.internal.impl.xs.XMLSchemaValidator.processAttributes(XMLSchemaValidator.java:2708)
	at com.sun.org.apache.xerces.internal.impl.xs.XMLSchemaValidator.handleStartElement(XMLSchemaValidator.java:2051)
	at com.sun.org.apache.xerces.internal.impl.xs.XMLSchemaValidator.emptyElement(XMLSchemaValidator.java:761)
	at com.sun.org.apache.xerces.internal.impl.XMLNSDocumentScannerImpl.scanStartElement(XMLNSDocumentScannerImpl.java:351)
	at com.sun.org.apache.xerces.internal.impl.XMLDocumentFragmentScannerImpl$FragmentContentDriver.next(XMLDocumentFragmentScannerImpl.java:2783)
	at com.sun.org.apache.xerces.internal.impl.XMLDocumentScannerImpl.next(XMLDocumentScannerImpl.java:601)
	at com.sun.org.apache.xerces.internal.impl.XMLNSDocumentScannerImpl.next(XMLNSDocumentScannerImpl.java:112)
	at com.sun.org.apache.xerces.internal.impl.XMLDocumentFragmentScannerImpl.scanDocument(XMLDocumentFragmentScannerImpl.java:504)
	at com.sun.org.apache.xerces.internal.parsers.XML11Configuration.parse(XML11Configuration.java:841)
	at com.sun.org.apache.xerces.internal.parsers.XML11Configuration.parse(XML11Configuration.java:770)
	at com.sun.org.apache.xerces.internal.parsers.XMLParser.parse(XMLParser.java:141)
	at com.sun.org.apache.xerces.internal.parsers.DOMParser.parse(DOMParser.java:243)
	at com.sun.org.apache.xerces.internal.jaxp.DocumentBuilderImpl.parse(DocumentBuilderImpl.java:338)
	at org.springframework.beans.factory.xml.DefaultDocumentLoader.loadDocument(DefaultDocumentLoader.java:75)
	at org.springframework.beans.factory.xml.XmlBeanDefinitionReader.doLoadBeanDefinitions(XmlBeanDefinitionReader.java:388)
	... 26 more
2025-10-24 08:58:54,051 | INFO  | Refreshing org.apache.activemq.xbean.XBeanBrokerFactory$1@5442a311: startup date [Fri Oct 24 08:58:54 UTC 2025]; root of context hierarchy | org.apache.activemq.xbean.XBeanBrokerFactory$1 | main
2025-10-24 08:58:58,102 | INFO  | PListStore:[/opt/activemq/data/localhost/tmp_storage] started | org.apache.activemq.store.kahadb.plist.PListStoreImpl | main
2025-10-24 08:58:58,173 | INFO  | Using Persistence Adapter: KahaDBPersistenceAdapter[/opt/activemq/data/kahadb] | org.apache.activemq.broker.BrokerService | main
2025-10-24 08:59:03,303 | INFO  | KahaDB is version 4 | org.apache.activemq.store.kahadb.MessageDatabase | main
2025-10-24 08:59:03,386 | INFO  | Recovering from the journal ... | org.apache.activemq.store.kahadb.MessageDatabase | main
2025-10-24 08:59:03,387 | INFO  | Recovery replayed 1 operations from the journal in 0.059 seconds. | org.apache.activemq.store.kahadb.MessageDatabase | main
2025-10-24 08:59:03,845 | INFO  | Apache ActiveMQ 5.8.0 (localhost, ID:a2f0ddad2195-36389-1761296343525-0:1) is starting | org.apache.activemq.broker.BrokerService | main
2025-10-24 08:59:03,976 | INFO  | Listening for connections at: tcp://a2f0ddad2195:61616?maximumConnections=1000&wireformat.maxFrameSize=104857600 | org.apache.activemq.transport.TransportServerThreadSupport | main
2025-10-24 08:59:03,980 | INFO  | Connector openwire Started | org.apache.activemq.broker.TransportConnector | main
2025-10-24 08:59:04,031 | INFO  | Listening for connections at: xmpp://a2f0ddad2195:61222 | org.apache.activemq.transport.TransportServerThreadSupport | main
2025-10-24 08:59:04,035 | INFO  | Connector xmpp Started | org.apache.activemq.broker.TransportConnector | main
2025-10-24 08:59:04,042 | INFO  | Apache ActiveMQ 5.8.0 (localhost, ID:a2f0ddad2195-36389-1761296343525-0:1) started | org.apache.activemq.broker.BrokerService | main
2025-10-24 08:59:04,043 | INFO  | For help or more information please see: http://activemq.apache.org | org.apache.activemq.broker.BrokerService | main
2025-10-24 08:59:04,047 | WARN  | Store limit is 102400 mb, whilst the data directory: /opt/activemq/data/kahadb only has 62471 mb of usable space | org.apache.activemq.broker.BrokerService | main
2025-10-24 08:59:06,879 | INFO  | Web console type: embedded | org.apache.activemq.web.WebConsoleStarter | main
2025-10-24 08:59:20,667 | INFO  | Refreshing org.apache.activemq.xbean.XBeanBrokerFactory$1@5442a311: startup date [Fri Oct 24 08:59:20 UTC 2025]; root of context hierarchy | org.apache.activemq.xbean.XBeanBrokerFactory$1 | main
2025-10-24 08:59:24,600 | INFO  | PListStore:[/opt/activemq/data/localhost/tmp_storage] started | org.apache.activemq.store.kahadb.plist.PListStoreImpl | main
2025-10-24 08:59:24,669 | INFO  | Using Persistence Adapter: KahaDBPersistenceAdapter[/opt/activemq/data/kahadb] | org.apache.activemq.broker.BrokerService | main
2025-10-24 08:59:29,418 | INFO  | KahaDB is version 4 | org.apache.activemq.store.kahadb.MessageDatabase | main
2025-10-24 08:59:29,506 | INFO  | Recovering from the journal ... | org.apache.activemq.store.kahadb.MessageDatabase | main
2025-10-24 08:59:29,519 | INFO  | Recovery replayed 2 operations from the journal in 0.074 seconds. | org.apache.activemq.store.kahadb.MessageDatabase | main
2025-10-24 08:59:29,950 | INFO  | Apache ActiveMQ 5.8.0 (localhost, ID:eb5bb9aab389-33703-1761296369641-0:1) is starting | org.apache.activemq.broker.BrokerService | main
2025-10-24 08:59:30,068 | INFO  | Listening for connections at: tcp://eb5bb9aab389:61616?maximumConnections=1000&wireformat.maxFrameSize=104857600 | org.apache.activemq.transport.TransportServerThreadSupport | main
2025-10-24 08:59:30,072 | INFO  | Connector openwire Started | org.apache.activemq.broker.TransportConnector | main
2025-10-24 08:59:30,109 | INFO  | Listening for connections at: xmpp://eb5bb9aab389:61222 | org.apache.activemq.transport.TransportServerThreadSupport | main
2025-10-24 08:59:30,112 | INFO  | Connector xmpp Started | org.apache.activemq.broker.TransportConnector | main
2025-10-24 08:59:30,118 | INFO  | Apache ActiveMQ 5.8.0 (localhost, ID:eb5bb9aab389-33703-1761296369641-0:1) started | org.apache.activemq.broker.BrokerService | main
2025-10-24 08:59:30,119 | INFO  | For help or more information please see: http://activemq.apache.org | org.apache.activemq.broker.BrokerService | main
2025-10-24 08:59:30,121 | WARN  | Store limit is 102400 mb, whilst the data directory: /opt/activemq/data/kahadb only has 62471 mb of usable space | org.apache.activemq.broker.BrokerService | main
2025-10-24 08:59:32,951 | INFO  | Web console type: embedded | org.apache.activemq.web.WebConsoleStarter | main
2025-10-24 08:59:35,014 | INFO  | ActiveMQ WebConsole initialized. | org.apache.activemq.web.WebConsoleStarter | main
2025-10-24 08:59:35,783 | INFO  | Initializing Spring FrameworkServlet 'dispatcher' | /admin | main
2025-10-24 08:59:38,811 | INFO  | jolokia-agent: No access restrictor found at classpath:/jolokia-access.xml, access to all MBeans is allowed | /api | main
2025-10-24 12:26:06,077 | WARN  | Transport Connection to: tcp://172.19.0.1:54244 failed: java.io.IOException: Unexpected character 'G' (code 71) in prolog; expected '<'
 at [row,col {unknown-source}]: [1,1] | org.apache.activemq.broker.TransportConnection.Transport | ActiveMQ Transport: tcp:///172.19.0.1:54244@61222
2025-10-24 12:26:07,024 | WARN  | Transport Connection to: tcp://172.19.0.1:54246 failed: java.io.IOException: Unexpected character 'G' (code 71) in prolog; expected '<'
 at [row,col {unknown-source}]: [1,1] | org.apache.activemq.broker.TransportConnection.Transport | ActiveMQ Transport: tcp:///172.19.0.1:54246@61222
2025-10-24 12:26:12,072 | WARN  | Transport Connection to: tcp://172.19.0.1:54262 failed: java.io.IOException: Unexpected character 'G' (code 71) in prolog; expected '<'
 at [row,col {unknown-source}]: [1,1] | org.apache.activemq.broker.TransportConnection.Transport | ActiveMQ Transport: tcp:///172.19.0.1:54262@61222
2025-10-24 12:28:10,087 | WARN  | Transport Connection to: tcp://172.19.0.1:41386 failed: java.io.IOException: Unexpected EOF in prolog
 at [row,col {unknown-source}]: [1,0] | org.apache.activemq.broker.TransportConnection.Transport | ActiveMQ Transport: tcp:///172.19.0.1:41386@61222
2025-10-24 12:55:41,672 | INFO  | Refreshing org.apache.activemq.xbean.XBeanBrokerFactory$1@5442a311: startup date [Fri Oct 24 12:55:41 UTC 2025]; root of context hierarchy | org.apache.activemq.xbean.XBeanBrokerFactory$1 | main
2025-10-24 12:55:45,604 | INFO  | PListStore:[/opt/activemq/data/localhost/tmp_storage] started | org.apache.activemq.store.kahadb.plist.PListStoreImpl | main
2025-10-24 12:55:45,677 | INFO  | Using Persistence Adapter: KahaDBPersistenceAdapter[/opt/activemq/data/kahadb] | org.apache.activemq.broker.BrokerService | main
2025-10-24 12:55:51,216 | INFO  | KahaDB is version 4 | org.apache.activemq.store.kahadb.MessageDatabase | main
2025-10-24 12:55:51,324 | INFO  | Recovering from the journal ... | org.apache.activemq.store.kahadb.MessageDatabase | main
2025-10-24 12:55:51,339 | INFO  | Recovery replayed 2 operations from the journal in 0.082 seconds. | org.apache.activemq.store.kahadb.MessageDatabase | main
2025-10-24 12:55:51,787 | INFO  | Apache ActiveMQ 5.8.0 (localhost, ID:b3a58ff4d78e-39937-1761310551476-0:1) is starting | org.apache.activemq.broker.BrokerService | main
2025-10-24 12:55:51,917 | INFO  | Listening for connections at: tcp://localhost:61616?maximumConnections=1000&wireformat.maxFrameSize=104857600 | org.apache.activemq.transport.TransportServerThreadSupport | main
2025-10-24 12:55:51,922 | INFO  | Connector openwire Started | org.apache.activemq.broker.TransportConnector | main
2025-10-24 12:55:51,967 | INFO  | Listening for connections at: xmpp://localhost:61222 | org.apache.activemq.transport.TransportServerThreadSupport | main
2025-10-24 12:55:51,969 | INFO  | Connector xmpp Started | org.apache.activemq.broker.TransportConnector | main
2025-10-24 12:55:51,976 | INFO  | Apache ActiveMQ 5.8.0 (localhost, ID:b3a58ff4d78e-39937-1761310551476-0:1) started | org.apache.activemq.broker.BrokerService | main
2025-10-24 12:55:51,976 | INFO  | For help or more information please see: http://activemq.apache.org | org.apache.activemq.broker.BrokerService | main
2025-10-24 12:55:51,978 | WARN  | Store limit is 102400 mb, whilst the data directory: /opt/activemq/data/kahadb only has 67432 mb of usable space | org.apache.activemq.broker.BrokerService | main
2025-10-24 12:55:55,540 | INFO  | Web console type: embedded | org.apache.activemq.web.WebConsoleStarter | main
2025-10-24 12:55:57,463 | INFO  | ActiveMQ WebConsole initialized. | org.apache.activemq.web.WebConsoleStarter | main
2025-10-24 12:55:58,210 | INFO  | Initializing Spring FrameworkServlet 'dispatcher' | /admin | main
2025-10-24 12:56:01,221 | INFO  | jolokia-agent: No access restrictor found at classpath:/jolokia-access.xml, access to all MBeans is allowed | /api | main
2025-10-24 14:48:46,918 | INFO  | Refreshing org.apache.activemq.xbean.XBeanBrokerFactory$1@5442a311: startup date [Fri Oct 24 14:48:46 UTC 2025]; root of context hierarchy | org.apache.activemq.xbean.XBeanBrokerFactory$1 | main
2025-10-24 14:48:48,646 | INFO  | PListStore:[/opt/activemq/data/localhost/tmp_storage] started | org.apache.activemq.store.kahadb.plist.PListStoreImpl | main
2025-10-24 14:48:48,678 | INFO  | Using Persistence Adapter: KahaDBPersistenceAdapter[/opt/activemq/data/kahadb] | org.apache.activemq.broker.BrokerService | main
2025-10-24 14:48:50,146 | INFO  | KahaDB is version 4 | org.apache.activemq.store.kahadb.MessageDatabase | main
2025-10-24 14:48:50,181 | INFO  | Recovering from the journal ... | org.apache.activemq.store.kahadb.MessageDatabase | main
2025-10-24 14:48:50,187 | INFO  | Recovery replayed 3 operations from the journal in 0.03 seconds. | org.apache.activemq.store.kahadb.MessageDatabase | main
2025-10-24 14:48:50,395 | INFO  | Apache ActiveMQ 5.8.0 (localhost, ID:e398e76e47ae-36743-1761317330226-0:1) is starting | org.apache.activemq.broker.BrokerService | main
2025-10-24 14:48:50,436 | INFO  | Listening for connections at: tcp://localhost:61616?maximumConnections=1000&wireformat.maxFrameSize=104857600 | org.apache.activemq.transport.TransportServerThreadSupport | main
2025-10-24 14:48:50,438 | INFO  | Connector openwire Started | org.apache.activemq.broker.TransportConnector | main
2025-10-24 14:48:50,452 | INFO  | Listening for connections at: xmpp://localhost:61222 | org.apache.activemq.transport.TransportServerThreadSupport | main
2025-10-24 14:48:50,454 | INFO  | Connector xmpp Started | org.apache.activemq.broker.TransportConnector | main
2025-10-24 14:48:50,457 | INFO  | Apache ActiveMQ 5.8.0 (localhost, ID:e398e76e47ae-36743-1761317330226-0:1) started | org.apache.activemq.broker.BrokerService | main
2025-10-24 14:48:50,457 | INFO  | For help or more information please see: http://activemq.apache.org | org.apache.activemq.broker.BrokerService | main
2025-10-24 14:48:50,458 | WARN  | Store limit is 102400 mb, whilst the data directory: /opt/activemq/data/kahadb only has 57646 mb of usable space | org.apache.activemq.broker.BrokerService | main
2025-10-24 14:48:51,534 | INFO  | Web console type: embedded | org.apache.activemq.web.WebConsoleStarter | main
2025-10-24 14:48:52,217 | INFO  | ActiveMQ WebConsole initialized. | org.apache.activemq.web.WebConsoleStarter | main
2025-10-24 14:48:52,469 | INFO  | Initializing Spring FrameworkServlet 'dispatcher' | /admin | main
2025-10-24 14:48:53,433 | INFO  | jolokia-agent: No access restrictor found at classpath:/jolokia-access.xml, access to all MBeans is allowed | /api | main
2025-10-24 15:03:38,242 | INFO  | Refreshing org.apache.activemq.xbean.XBeanBrokerFactory$1@5442a311: startup date [Fri Oct 24 15:03:38 UTC 2025]; root of context hierarchy | org.apache.activemq.xbean.XBeanBrokerFactory$1 | main
2025-10-24 15:03:40,116 | INFO  | PListStore:[/opt/activemq/data/localhost/tmp_storage] started | org.apache.activemq.store.kahadb.plist.PListStoreImpl | main
2025-10-24 15:03:40,151 | INFO  | Using Persistence Adapter: KahaDBPersistenceAdapter[/opt/activemq/data/kahadb] | org.apache.activemq.broker.BrokerService | main
2025-10-24 15:03:41,445 | INFO  | KahaDB is version 4 | org.apache.activemq.store.kahadb.MessageDatabase | main
2025-10-24 15:03:41,478 | INFO  | Recovering from the journal ... | org.apache.activemq.store.kahadb.MessageDatabase | main
2025-10-24 15:03:41,486 | INFO  | Recovery replayed 4 operations from the journal in 0.03 seconds. | org.apache.activemq.store.kahadb.MessageDatabase | main
2025-10-24 15:03:41,703 | INFO  | Apache ActiveMQ 5.8.0 (localhost, ID:bb90ce7d97b7-34841-1761318221528-0:1) is starting | org.apache.activemq.broker.BrokerService | main
2025-10-24 15:03:41,743 | INFO  | Listening for connections at: tcp://localhost:61616?maximumConnections=1000&wireformat.maxFrameSize=104857600 | org.apache.activemq.transport.TransportServerThreadSupport | main
2025-10-24 15:03:41,746 | INFO  | Connector openwire Started | org.apache.activemq.broker.TransportConnector | main
2025-10-24 15:03:41,761 | INFO  | Listening for connections at: xmpp://localhost:61222 | org.apache.activemq.transport.TransportServerThreadSupport | main
2025-10-24 15:03:41,765 | INFO  | Connector xmpp Started | org.apache.activemq.broker.TransportConnector | main
2025-10-24 15:03:41,768 | INFO  | Apache ActiveMQ 5.8.0 (localhost, ID:bb90ce7d97b7-34841-1761318221528-0:1) started | org.apache.activemq.broker.BrokerService | main
2025-10-24 15:03:41,769 | INFO  | For help or more information please see: http://activemq.apache.org | org.apache.activemq.broker.BrokerService | main
2025-10-24 15:03:41,770 | WARN  | Store limit is 102400 mb, whilst the data directory: /opt/activemq/data/kahadb only has 57637 mb of usable space | org.apache.activemq.broker.BrokerService | main
2025-10-24 15:03:43,243 | INFO  | Web console type: embedded | org.apache.activemq.web.WebConsoleStarter | main
2025-10-24 15:03:44,915 | INFO  | ActiveMQ WebConsole initialized. | org.apache.activemq.web.WebConsoleStarter | main
2025-10-24 15:03:45,368 | INFO  | Initializing Spring FrameworkServlet 'dispatcher' | /admin | main
2025-10-24 15:03:47,030 | INFO  | jolokia-agent: No access restrictor found at classpath:/jolokia-access.xml, access to all MBeans is allowed | /api | main
2025-10-24 15:06:03,144 | INFO  | Refreshing org.apache.activemq.xbean.XBeanBrokerFactory$1@5442a311: startup date [Fri Oct 24 15:06:03 UTC 2025]; root of context hierarchy | org.apache.activemq.xbean.XBeanBrokerFactory$1 | main
2025-10-24 15:06:04,469 | INFO  | PListStore:[/opt/activemq/data/activemq/tmp_storage] started | org.apache.activemq.store.kahadb.plist.PListStoreImpl | main
2025-10-24 15:06:04,495 | INFO  | Using Persistence Adapter: KahaDBPersistenceAdapter[/opt/activemq/data/kahadb] | org.apache.activemq.broker.BrokerService | main
2025-10-24 15:06:05,639 | INFO  | KahaDB is version 4 | org.apache.activemq.store.kahadb.MessageDatabase | main
2025-10-24 15:06:05,668 | INFO  | Recovering from the journal ... | org.apache.activemq.store.kahadb.MessageDatabase | main
2025-10-24 15:06:05,678 | INFO  | Recovery replayed 5 operations from the journal in 0.029 seconds. | org.apache.activemq.store.kahadb.MessageDatabase | main
2025-10-24 15:06:05,887 | INFO  | Apache ActiveMQ 5.8.0 (activemq, ID:c4cf295859eb-33459-1761318365720-0:1) is starting | org.apache.activemq.broker.BrokerService | main
2025-10-24 15:06:05,926 | INFO  | Listening for connections at: tcp://c4cf295859eb:61616?maximumConnections=1000&wireformat.maxFrameSize=104857600 | org.apache.activemq.transport.TransportServerThreadSupport | main
2025-10-24 15:06:05,928 | INFO  | Connector openwire Started | org.apache.activemq.broker.TransportConnector | main
2025-10-24 15:06:05,941 | INFO  | Listening for connections at: xmpp://c4cf295859eb:61222 | org.apache.activemq.transport.TransportServerThreadSupport | main
2025-10-24 15:06:05,943 | INFO  | Connector xmpp Started | org.apache.activemq.broker.TransportConnector | main
2025-10-24 15:06:05,945 | INFO  | Apache ActiveMQ 5.8.0 (activemq, ID:c4cf295859eb-33459-1761318365720-0:1) started | org.apache.activemq.broker.BrokerService | main
2025-10-24 15:06:05,945 | INFO  | For help or more information please see: http://activemq.apache.org | org.apache.activemq.broker.BrokerService | main
2025-10-24 15:06:05,946 | WARN  | Store limit is 102400 mb, whilst the data directory: /opt/activemq/data/kahadb only has 57645 mb of usable space | org.apache.activemq.broker.BrokerService | main
2025-10-24 15:06:07,095 | INFO  | Web console type: embedded | org.apache.activemq.web.WebConsoleStarter | main
2025-10-24 15:06:07,940 | INFO  | ActiveMQ WebConsole initialized. | org.apache.activemq.web.WebConsoleStarter | main
2025-10-24 15:06:08,196 | INFO  | Initializing Spring FrameworkServlet 'dispatcher' | /admin | main
2025-10-24 15:06:09,114 | INFO  | jolokia-agent: No access restrictor found at classpath:/jolokia-access.xml, access to all MBeans is allowed | /api | main
2025-10-24 15:06:51,932 | WARN  | Transport Connection to: tcp://172.18.0.5:40422 failed: java.io.IOException: Unexpected EOF; was expecting a close tag for element <stream:stream>
 at [row,col {unknown-source}]: [1,128] | org.apache.activemq.broker.TransportConnection.Transport | ActiveMQ Transport: tcp:///172.18.0.5:40422@61222
2025-10-24 15:08:25,085 | WARN  | Transport Connection to: tcp://172.18.0.5:40776 failed: java.io.IOException: Unexpected EOF; was expecting a close tag for element <stream:stream>
 at [row,col {unknown-source}]: [1,127] | org.apache.activemq.broker.TransportConnection.Transport | ActiveMQ Transport: tcp:///172.18.0.5:40776@61222
2025-10-24 15:13:39,183 | WARN  | Transport Connection to: tcp://172.18.0.5:50700 failed: java.io.IOException: Unexpected EOF; was expecting a close tag for element <stream:stream>
 at [row,col {unknown-source}]: [1,127] | org.apache.activemq.broker.TransportConnection.Transport | ActiveMQ Transport: tcp:///172.18.0.5:50700@61222
